
> boombox@0.1.0 build
> next build

   Γû▓ Next.js 15.4.6
   - Environments: .env.local, .env

   Creating an optimized production build ...
node.exe : Failed to compile.
At line:1 char:1
+ & "C:\Program Files\nodejs/node.exe" "C:\Program Files\nodejs/node_mo ...
+ ~~~~~~~~~~~~~~~~~~~~~~~~~~~~~~~~~~~~~~~~~~~~~~~~~~~~~~~~~~~~~~~~~~~~~
    + CategoryInfo          : NotSpecified: (Failed to compile.:String) [], RemoteException
    + FullyQualifiedErrorId : NativeCommandError
 

./src/app/messages/page.tsx
Error:   [31mx[0m Expected '</', got 'div'
     ,-[[36;1;4mD:\TaskerAI\src\app\messages\page.tsx[0m:684:1]
 [2m681[0m |                   </>
 [2m682[0m |                 )}
 [2m683[0m |               </div>
 [2m684[0m |         </div>
     : [35;1m          ^^^[0m
 [2m685[0m |               {/* Task Status Bar Chart */}
 [2m686[0m |               <div className="p-6">
 [2m686[0m |                 <h3 className="text-sm font-semibold text-gray-900 mb-4">
     `----

Caused by:
    Syntax Error

Import trace for requested module:
./src/app/messages/page.tsx


> Build failed because of webpack errors
