
> boombox@0.1.0 build
> next build

   Γû▓ Next.js 15.4.6
   - Environments: .env.local, .env

   Creating an optimized production build ...
 Γ£ô Compiled successfully in 4.0s
   Linting and checking validity of types ...

./src/app/admin/pending-requests/page.tsx
25:6  Warning: React Hook useEffect has a missing dependency: 'checkAuthAndFetchUsers'. Either include it or remove the dependency array.  react-hooks/exhaustive-deps
44:14  Warning: 'err' is defined but never used.  @typescript-eslint/no-unused-vars

./src/app/analytics/page.tsx
5:10  Warning: 'AlertCircle' is defined but never used.  @typescript-eslint/no-unused-vars

./src/app/api/analytics/ai/route.ts
79:3  Warning: 'tasks' is defined but never used.  @typescript-eslint/no-unused-vars
217:20  Warning: 'e' is defined but never used.  @typescript-eslint/no-unused-vars

./src/app/api/auth/login/route.ts
48:23  Warning: '_' is assigned a value but never used.  @typescript-eslint/no-unused-vars

./src/app/api/auth/register/route.ts
72:23  Warning: '_' is assigned a value but never used.  @typescript-eslint/no-unused-vars

./src/app/api/auth/reset/route.ts
15:14  Warning: 'e' is defined but never used.  @typescript-eslint/no-unused-vars

./src/app/api/auth/verify/route.ts
24:14  Warning: 'e' is defined but never used.  @typescript-eslint/no-unused-vars
73:23  Warning: '_' is assigned a value but never used.  @typescript-eslint/no-unused-vars

./src/app/api/channels/[id]/members/route.ts
6:26  Warning: 'canManageUsers' is defined but never used.  @typescript-eslint/no-unused-vars

./src/app/api/invite/send/route.ts
57:11  Warning: 'tokenExpiry' is assigned a value but never used.  @typescript-eslint/no-unused-vars

./src/app/api/subscribe/route.ts
13:77  Warning: 'e' is defined but never used.  @typescript-eslint/no-unused-vars
26:18  Warning: 'e' is defined but never used.  @typescript-eslint/no-unused-vars

./src/app/auth/verify/page.tsx
60:14  Warning: 'err' is defined but never used.  @typescript-eslint/no-unused-vars

./src/app/auth/verify/VerifyClient.tsx
53:16  Warning: 'error' is defined but never used.  @typescript-eslint/no-unused-vars

./src/app/components/FilePreview.tsx
11:9  Warning: Using `<img>` could result in slower LCP and higher bandwidth. Consider using `<Image />` from `next/image` or a custom image loader to automatically optimize images. This may incur additional usage or cost from your provider. See: https://nextjs.org/docs/messages/no-img-element  @next/next/no-img-element

./src/app/components/messaging/ChatWindow2.tsx
98:18  Warning: 'err' is defined but never used.  @typescript-eslint/no-unused-vars
212:19  Warning: 'isCurrentUser' is assigned a value but never used.  @typescript-eslint/no-unused-vars

./src/app/components/SettingsDropdown.tsx
526:14  Warning: 'err' is defined but never used.  @typescript-eslint/no-unused-vars

./src/app/components/sidebar/ClientItem.tsx
47:11  Warning: Using `<img>` could result in slower LCP and higher bandwidth. Consider using `<Image />` from `next/image` or a custom image loader to automatically optimize images. This may incur additional usage or cost from your provider. See: https://nextjs.org/docs/messages/no-img-element  @next/next/no-img-element

./src/app/components/sidebar/NavigationMenu.tsx
86:16  Warning: 'err' is defined but never used.  @typescript-eslint/no-unused-vars
217:17  Warning: Using `<img>` could result in slower LCP and higher bandwidth. Consider using `<Image />` from `next/image` or a custom image loader to automatically optimize images. This may incur additional usage or cost from your provider. See: https://nextjs.org/docs/messages/no-img-element  @next/next/no-img-element
317:19  Warning: Using `<img>` could result in slower LCP and higher bandwidth. Consider using `<Image />` from `next/image` or a custom image loader to automatically optimize images. This may incur additional usage or cost from your provider. See: https://nextjs.org/docs/messages/no-img-element  @next/next/no-img-element

./src/app/components/sidebar/SidebarFooter.tsx
8:33  Warning: 'collapsed' is defined but never used.  @typescript-eslint/no-unused-vars

./src/app/components/sidebar/SidebarHeader.tsx
15:44  Warning: 'onCollapse' is defined but never used.  @typescript-eslint/no-unused-vars

./src/app/components/Sidebar.tsx
5:8  Warning: 'SettingsDropdown' is defined but never used.  @typescript-eslint/no-unused-vars
26:21  Warning: 'setCollapsed' is assigned a value but never used.  @typescript-eslint/no-unused-vars

./src/app/dashboard/layout.tsx
12:21  Warning: 'setCollapsed' is assigned a value but never used.  @typescript-eslint/no-unused-vars

./src/app/dashboard/messages/page.tsx
3:20  Warning: 'useEffect' is defined but never used.  @typescript-eslint/no-unused-vars

./src/app/dashboard/page.tsx
94:15  Warning: 'progressData' is assigned a value but never used.  @typescript-eslint/no-unused-vars

./src/app/invite/page.tsx
34:6  Warning: React Hook useEffect has a missing dependency: 'verifyToken'. Either include it or remove the dependency array.  react-hooks/exhaustive-deps

./src/app/logs/layout.tsx
12:21  Warning: 'setCollapsed' is assigned a value but never used.  @typescript-eslint/no-unused-vars

./src/app/logs/page.tsx
27:10  Warning: 'userRole' is assigned a value but never used.  @typescript-eslint/no-unused-vars
31:6  Warning: React Hook useEffect has a missing dependency: 'fetchUserAndLogs'. Either include it or remove the dependency array.  react-hooks/exhaustive-deps
44:14  Warning: 'err' is defined but never used.  @typescript-eslint/no-unused-vars

./src/app/messages/layout.tsx
12:21  Warning: 'setCollapsed' is assigned a value but never used.  @typescript-eslint/no-unused-vars

./src/app/messages/page.tsx
10:3  Warning: 'Clock' is defined but never used.  @typescript-eslint/no-unused-vars
13:3  Warning: 'Edit2' is defined but never used.  @typescript-eslint/no-unused-vars
14:3  Warning: 'Trash2' is defined but never used.  @typescript-eslint/no-unused-vars
15:3  Warning: 'Reply' is defined but never used.  @typescript-eslint/no-unused-vars
16:3  Warning: 'Smile' is defined but never used.  @typescript-eslint/no-unused-vars
82:6  Warning: React Hook useEffect has missing dependencies: 'fetchChannelMessages' and 'fetchDMMessages'. Either include them or remove the dependency array.  react-hooks/exhaustive-deps
110:14  Warning: 'err' is defined but never used.  @typescript-eslint/no-unused-vars
127:14  Warning: 'err' is defined but never used.  @typescript-eslint/no-unused-vars
142:14  Warning: 'err' is defined but never used.  @typescript-eslint/no-unused-vars
182:14  Warning: 'err' is defined but never used.  @typescript-eslint/no-unused-vars
351:25  Warning: Using `<img>` could result in slower LCP and higher bandwidth. Consider using `<Image />` from `next/image` or a custom image loader to automatically optimize images. This may incur additional usage or cost from your provider. See: https://nextjs.org/docs/messages/no-img-element  @next/next/no-img-element

./src/app/notifications/layout.tsx
12:21  Warning: 'setCollapsed' is assigned a value but never used.  @typescript-eslint/no-unused-vars

./src/app/notifications/page.tsx
55:6  Warning: React Hook useEffect has a missing dependency: 'fetchNotifications'. Either include it or remove the dependency array.  react-hooks/exhaustive-deps

./src/app/settings/layout.tsx
12:21  Warning: 'setCollapsed' is assigned a value but never used.  @typescript-eslint/no-unused-vars

./src/app/settings/page.tsx
57:10  Warning: 'notificationSaving' is assigned a value but never used.  @typescript-eslint/no-unused-vars
57:30  Warning: 'setNotificationSaving' is assigned a value but never used.  @typescript-eslint/no-unused-vars
64:10  Warning: 'editingUserId' is assigned a value but never used.  @typescript-eslint/no-unused-vars
65:10  Warning: 'editingRole' is assigned a value but never used.  @typescript-eslint/no-unused-vars
65:23  Warning: 'setEditingRole' is assigned a value but never used.  @typescript-eslint/no-unused-vars
70:6  Warning: React Hook useEffect has a missing dependency: 'loadCurrentUser'. Either include it or remove the dependency array.  react-hooks/exhaustive-deps
84:14  Warning: 'err' is defined but never used.  @typescript-eslint/no-unused-vars
303:23  Warning: Using `<img>` could result in slower LCP and higher bandwidth. Consider using `<Image />` from `next/image` or a custom image loader to automatically optimize images. This may incur additional usage or cost from your provider. See: https://nextjs.org/docs/messages/no-img-element  @next/next/no-img-element

./src/app/settings/team/page.tsx
20:35  Warning: 'Edit2' is defined but never used.  @typescript-eslint/no-unused-vars
20:42  Warning: 'Trash2' is defined but never used.  @typescript-eslint/no-unused-vars

./src/app/tasks/layout.tsx
12:21  Warning: 'setCollapsed' is assigned a value but never used.  @typescript-eslint/no-unused-vars

./src/lib/sse.ts
24:14  Warning: 'err' is defined but never used.  @typescript-eslint/no-unused-vars
30:1  Warning: Assign object to a variable before exporting as module default  import/no-anonymous-default-export

info  - Need to disable some ESLint rules? Learn more here: https://nextjs.org/docs/app/api-reference/config/eslint#disabling-rules
node.exe : Failed to compile.
At line:1 char:1
+ & "C:\Program Files\nodejs/node.exe" "C:\Program Files\nodejs/node_mo ...
+ ~~~~~~~~~~~~~~~~~~~~~~~~~~~~~~~~~~~~~~~~~~~~~~~~~~~~~~~~~~~~~~~~~~~~~
    + CategoryInfo          : NotSpecified: (Failed to compile.:String) [], RemoteException
    + FullyQualifiedErrorId : NativeCommandError
 

./src/app/api/channels/[id]/members/route.ts:178:15
Type error: Object literal may only specify known properties, and 'channelId_userId' does not exist in type 
'ChannelMemberWhereUniqueInput'.

[0m [90m 176 |[39m           [36mconst[39m exists [33m=[39m [36mawait[39m 
prisma[33m.[39mchannelMember[33m.[39mfindUnique({
 [90m 177 |[39m             where[33m:[39m {
[31m[1m>[22m[39m[90m 178 |[39m               channelId_userId[33m:[39m {
 [90m     |[39m               [31m[1m^[22m[39m
 [90m 179 |[39m                 channelId[33m,[39m
 [90m 180 |[39m                 userId[33m:[39m u[33m.[39mid[33m,[39m
 [90m 181 |[39m               }[33m,[39m[0m
Next.js build worker exited with code: 1 and signal: null
